[backblue.gif]
[fade.gif]
[index.html]
[www.makerbean.com/static/images/favicon.ico]
[www.makerbean.com/static/images/base/logo.png]
[www.makerbean.com/static/images/revolution/transparent.png]
[www.makerbean.com/static/images/revolution/aeroland-slider-software-slide-01-shape-01.png]
[www.makerbean.com/static/images/revolution/slider-software-slide-01-image-01.png]
[www.makerbean.com/static/images/revolution/slider-software-slide-02-image-01.png]
[www.makerbean.com/static/images/revolution/slider-software-slide-03-image-01.png]
[www.makerbean.com/static/images/features/aeroland-branding-image-10.png]
[www.makerbean.com/static/images/icons/aeroland-branding-box-image-03-1.png]
[www.makerbean.com/static/images/icons/aeroland-branding-box-image-02-1.png]
[www.makerbean.com/static/images/icons/aeroland-branding-box-image-01-1.png]
[www.makerbean.com/static/images/index/index_thu_maker_teachers.jpg]
[www.makerbean.com/static/images/features/aeroland-software-image-06.png]
[www.makerbean.com/static/images/base/weixin_qrcode.jpg]
[www.makerbean.com/index.html]
[www.makerbean.com/static/fonts/revicons/revicons90c6.eot]
[www.makerbean.com/static/fonts/revicons/revicons90c6.woff]
[www.makerbean.com/static/fonts/revicons/revicons90c6.ttf]
[www.makerbean.com/static/css/assets/coloredbg.png]
[www.makerbean.com/static/css/revolution/rs6.css]
[www.makerbean.com/static/fonts/lgd641.eot]
[www.makerbean.com/static/fonts/lgd41d.eot]
[www.makerbean.com/static/fonts/lgd641.woff]
[www.makerbean.com/static/fonts/lgd641.ttf]
[www.makerbean.com/static/css/plugins/plugins.min.css]
[www.makerbean.com/static/images/hero/aeroland-startup-hero-image-reup.png]
[www.makerbean.com/media/online_courses_index/card_cover/python_course.jpg]
[www.makerbean.com/media/online_courses_index/card_cover/cpp_intro_400x300.png]
[www.makerbean.com/media/online_courses_index/card_cover/advanced_webcrawler_400x300.png]
[www.makerbean.com/media/online_courses_index/card_cover/self_driving_car_400x300.jpg]
[www.makerbean.com/static/images/base/logo-white.png]
[www.makerbean.com/online_courses/index.html]
[www.makerbean.com/static/js/error_msg_analyse.js]
[www.makerbean.com/static/python/python_online.py]
[www.makerbean.com/python_online.html]
[www.makerbean.com/static/python/python_blockly_online.py]
[www.makerbean.com/python_blockly_online.html]
[www.makerbean.com/static/pinoblock_p5js/media/1x1.gif]
[www.makerbean.com/static/pinoblock_p5js/pinoblock.p5js.min.js]
[www.makerbean.com/static/js/html2canvas.js]
[www.makerbean.com/static/js/FileSaver.min.js]
[www.makerbean.com/static/js/p5/p5.min.js]
[www.makerbean.com/static/js/p5/p5.play.js]
[www.makerbean.com/static/js/p5/player.js]
[www.makerbean.com/pinoblock_p5js.html]
[www.makerbean.com/static/images/revolution/aeroland-slider-branding-slide-01-image-09.png]
[www.makerbean.com/static/images/revolution/aeroland-slider-branding-slide-01-image-02.png]
[www.makerbean.com/static/images/revolution/aeroland-slider-branding-slide-01-image-01.png]
[www.makerbean.com/static/images/revolution/aeroland-slider-branding-slide-01-image-03.png]
[www.makerbean.com/static/images/revolution/aeroland-slider-branding-slide-01-image-07.png]
[www.makerbean.com/static/images/revolution/aeroland-slider-branding-slide-01-image-04.png]
[www.makerbean.com/static/images/revolution/aeroland-slider-branding-slide-01-image-06.png]
[www.makerbean.com/static/images/revolution/aeroland-slider-branding-slide-01-image-08.png]
[www.makerbean.com/static/images/revolution/aeroland-slider-branding-slide-01-image-05.png]
[www.makerbean.com/static/images/team/avatar-03-140x140.png]
[www.makerbean.com/about.html]
[www.makerbean.com/index-2.html]
[www.makerbean.com/online_course.html]
[www.makerbean.com/static/fonts/revicons/revicons90c6.svg]
[www.makerbean.com/static/css/revolution/openhand.html]
[www.makerbean.com/static/css/revolution/closedhand.html]
[www.makerbean.com/static/css/assets/gridtile.html]
[www.makerbean.com/static/css/assets/gridtile_white.html]
[www.makerbean.com/static/css/assets/gridtile_3x3.html]
[www.makerbean.com/static/css/assets/gridtile_3x3_white.html]
[www.makerbean.com/static/css/assets/loader.html]
[www.makerbean.com/static/fonts/lgd641.svg]
[www.makerbean.com/static/css/img/vimeo-play.html]
[www.makerbean.com/static/css/img/video-play.html]
[www.makerbean.com/static/css/img/youtube-play.html]
[www.makerbean.com/static/img/loading.html]
[www.makerbean.com/online_courses/index-2.html]
[www.makerbean.com/static/css/online-editor.css]
[www.makerbean.com/static/js/python_online_reference/vendor/jquery-1.12.4.min.js]
[www.makerbean.com/static/js/python_online_reference/vendor/underscore-min.js]
[www.makerbean.com/static/js/python_online_reference/vendor/backbone-min.js]
[www.makerbean.com/static/js/python_online_reference/p5.min.js]
[www.makerbean.com/static/js/python_online_reference/p5.sound.min.js]
[www.makerbean.com/static/js/python_online_reference/p5.dom.min.js]
[www.makerbean.com/static/js/python_online_reference/render.js]
[www.makerbean.com/static/js/python_online_reference/vendor/prism.js]
[www.makerbean.com/static/media/python_online_reference/js/require.min.js]
[www.makerbean.com/static/js/python_online_reference/data.js]
[www.makerbean.com/static/js/python_online_reference/reference.js]
[www.makerbean.com/python_online_reference.html]
[www.makerbean.com/static/pinoblock_p5js/media/icons.png]
[www.makerbean.com/static/pinoblock_p5js/blockly-style.css]
[www.makerbean.com/My Block.html]
[www.makerbean.com/static/css/python_online_reference/normalize.css]
[www.makerbean.com/static/css/python_online_reference/fonts/AvenirNextLTW01-Mediumd41d.eot]
[www.makerbean.com/static/css/python_online_reference/fonts/AvenirNextLTW01-Medium.woff]
[www.makerbean.com/static/css/python_online_reference/fonts/AvenirNextLTW01-Medium.ttf]
[www.makerbean.com/static/css/python_online_reference/fonts/inconsolata.eot]
[www.makerbean.com/static/css/python_online_reference/fonts/inconsolatad41d.eot]
[www.makerbean.com/static/css/python_online_reference/fonts/inconsolata.woff]
[www.makerbean.com/static/css/python_online_reference/fonts/inconsolata.ttf]
[www.makerbean.com/static/css/python_online_reference/main.css]
[www.makerbean.com/static/css/python_online_reference/prism.css]
[www.makerbean.com/static/media/python_online_reference/reference.css]
[www.makerbean.com/static/images/python_online_reference/makerbean_logo.svg]
[www.makerbean.com/static/images/python_online_reference/thick-asterisk-alone.svg]
[www.makerbean.com/static/css/python_online_reference/fonts/AvenirNextLTW01-Medium.svg]
[www.makerbean.com/static/css/python_online_reference/fonts/inconsolata.svg]
[www.makerbean.com/static/css/img/search.html]
