[backblue.gif]
[fade.gif]
[index.html]
[www.makerbean.com/static/images/favicon.ico]
[www.makerbean.com/static/images/base/logo.png]
[www.makerbean.com/static/images/revolution/transparent.png]
[www.makerbean.com/static/images/revolution/aeroland-slider-software-slide-01-shape-01.png]
[www.makerbean.com/static/images/revolution/slider-software-slide-01-image-01.png]
[www.makerbean.com/index.html]
[www.makerbean.com/static/css/revolution/rs6.css]
[www.makerbean.com/static/css/plugins/plugins.min.css]
[www.makerbean.com/online_courses/index.html]
[www.makerbean.com/python_online.html]
[www.makerbean.com/python_blockly_online.html]
[www.makerbean.com/pinoblock_p5js.html]
[www.makerbean.com/about.html]
[www.makerbean.com/static/images/revolution/slider-software-slide-02-image-01.html]
[www.makerbean.com/static/images/revolution/slider-software-slide-03-image-01.html]
[www.makerbean.com/static/images/features/aeroland-branding-image-10.html]
[www.makerbean.com/static/images/icons/aeroland-branding-box-image-03-1.html]
[www.makerbean.com/static/images/icons/aeroland-branding-box-image-02-1.html]
[www.makerbean.com/static/images/icons/aeroland-branding-box-image-01-1.html]
[www.makerbean.com/static/images/index/index_thu_maker_teachers.html]
[www.makerbean.com/static/images/features/aeroland-software-image-06.html]
[www.makerbean.com/static/images/base/weixin_qrcode.html]
[www.makerbean.com/index-2.html]
[www.makerbean.com/online_course.html]
[www.makerbean.com/static/fonts/revicons/revicons90c6.html]
[www.makerbean.com/static/fonts/revicons/revicons90c6-2.html]
[www.makerbean.com/static/fonts/revicons/revicons90c6-3.html]
[www.makerbean.com/static/fonts/revicons/revicons90c6-4.html]
[www.makerbean.com/static/css/revolution/openhand.html]
[www.makerbean.com/static/css/revolution/closedhand.html]
[www.makerbean.com/static/css/assets/gridtile.html]
[www.makerbean.com/static/css/assets/gridtile_white.html]
[www.makerbean.com/static/css/assets/gridtile_3x3.html]
[www.makerbean.com/static/css/assets/gridtile_3x3_white.html]
[www.makerbean.com/static/css/assets/coloredbg.html]
[www.makerbean.com/static/css/assets/loader.html]
[www.makerbean.com/static/fonts/lgd641.html]
[www.makerbean.com/static/fonts/lgd41d.html]
[www.makerbean.com/static/fonts/lgd641-2.html]
[www.makerbean.com/static/fonts/lgd641-3.html]
[www.makerbean.com/static/fonts/lgd641-4.html]
[www.makerbean.com/static/css/img/vimeo-play.html]
[www.makerbean.com/static/css/img/video-play.html]
[www.makerbean.com/static/css/img/youtube-play.html]
[www.makerbean.com/static/img/loading.html]
[www.makerbean.com/static/images/hero/aeroland-startup-hero-image-reup.html]
[www.makerbean.com/media/online_courses_index/card_cover/python_course.html]
[www.makerbean.com/media/online_courses_index/card_cover/cpp_intro_400x300.html]
[www.makerbean.com/media/online_courses_index/card_cover/advanced_webcrawler_400x300.html]
[www.makerbean.com/media/online_courses_index/card_cover/self_driving_car_400x300.html]
[www.makerbean.com/online_courses/index-2.html]
[www.makerbean.com/static/images/base/logo-white.html]
[www.makerbean.com/static/css/online-editor.html]
[www.makerbean.com/python_online_reference.html]
[www.makerbean.com/static/js/error_msg_analyse.html]
[www.makerbean.com/static/python/python_online.html]
[www.makerbean.com/static/python/python_blockly_online.html]
[www.makerbean.com/static/pinoblock_p5js/blockly-style.html]
[www.makerbean.com/static/pinoblock_p5js/media/1x1.html]
[www.makerbean.com/static/pinoblock_p5js/pinoblock.p5js.min.html]
[www.makerbean.com/static/js/html2canvas.html]
[www.makerbean.com/static/js/FileSaver.min.html]
[www.makerbean.com/static/js/p5/p5.min.html]
[www.makerbean.com/static/js/p5/p5.play.html]
[www.makerbean.com/static/js/p5/player.html]
[www.makerbean.com/My Block.html]
[www.makerbean.com/static/images/revolution/aeroland-slider-branding-slide-01-image-09.html]
[www.makerbean.com/static/images/revolution/aeroland-slider-branding-slide-01-image-02.html]
[www.makerbean.com/static/images/revolution/aeroland-slider-branding-slide-01-image-01.html]
[www.makerbean.com/static/images/revolution/aeroland-slider-branding-slide-01-image-03.html]
[www.makerbean.com/static/images/revolution/aeroland-slider-branding-slide-01-image-07.html]
[www.makerbean.com/static/images/revolution/aeroland-slider-branding-slide-01-image-04.html]
[www.makerbean.com/static/images/revolution/aeroland-slider-branding-slide-01-image-06.html]
[www.makerbean.com/static/images/revolution/aeroland-slider-branding-slide-01-image-08.html]
[www.makerbean.com/static/images/revolution/aeroland-slider-branding-slide-01-image-05.html]
[www.makerbean.com/static/images/team/avatar-03-140x140.html]
[www.makerbean.com/static/css/python_online_reference/normalize.html]
[www.makerbean.com/static/css/python_online_reference/main.html]
[www.makerbean.com/static/css/python_online_reference/prism.html]
[www.makerbean.com/static/media/python_online_reference/reference.html]
[www.makerbean.com/static/js/python_online_reference/vendor/jquery-1.12.4.min.html]
[www.makerbean.com/static/js/python_online_reference/vendor/underscore-min.html]
[www.makerbean.com/static/js/python_online_reference/vendor/backbone-min.html]
[www.makerbean.com/static/images/python_online_reference/makerbean_logo.html]
[www.makerbean.com/static/images/python_online_reference/thick-asterisk-alone.html]
[www.makerbean.com/static/js/python_online_reference/p5.min.html]
[www.makerbean.com/static/js/python_online_reference/p5.sound.min.html]
[www.makerbean.com/static/js/python_online_reference/p5.dom.min.html]
[www.makerbean.com/static/js/python_online_reference/render.html]
[www.makerbean.com/static/js/python_online_reference/vendor/prism.html]
[www.makerbean.com/static/media/python_online_reference/js/require.min.html]
[www.makerbean.com/static/js/python_online_reference/data.html]
[www.makerbean.com/static/js/python_online_reference/reference.html]
[www.makerbean.com/static/pinoblock_p5js/media/icons.html]
[www.makerbean.com/static/css/python_online_reference/fonts/AvenirNextLTW01-Mediumd41d.html]
[www.makerbean.com/static/css/python_online_reference/fonts/AvenirNextLTW01-Medium.html]
[www.makerbean.com/static/css/python_online_reference/fonts/AvenirNextLTW01-Medium-2.html]
[www.makerbean.com/static/css/python_online_reference/fonts/AvenirNextLTW01-Medium-3.html]
[www.makerbean.com/static/css/python_online_reference/fonts/inconsolata.html]
[www.makerbean.com/static/css/python_online_reference/fonts/inconsolatad41d.html]
[www.makerbean.com/static/css/python_online_reference/fonts/inconsolata-2.html]
[www.makerbean.com/static/css/python_online_reference/fonts/inconsolata-3.html]
[www.makerbean.com/static/css/python_online_reference/fonts/inconsolata-4.html]
[www.makerbean.com/static/css/img/search.html]
